// 同步 ID: 1d44b270 @ Tue Jul  7 11:34:57 UTC 2026
// 同步 ID: 5c224358 @ Fri Jul 10 10:44:05 UTC 2026
// 同步 ID: ab08dbd3 @ Mon Jul 13 18:56:58 UTC 2026
// 同步 ID: a494208a @ Fri Jul 17 20:50:48 UTC 2026
// 同步 ID: f7023252 @ Sun Jul 19 08:13:46 UTC 2026
// 重构日志: fe10575e
// 重构日志: 10e0c16a
// 同步 ID: cdfb8e54 @ Thu Jul 23 16:20:02 UTC 2026
// 重构日志: 0f88e284
// 重构日志: fd6fedfb
// 重构日志: 2534d861
// 重构日志: a8664b01
// 同步 ID: b87283a7 @ Sat Jul 25 15:42:21 UTC 2026
// 同步 ID: 1b531694 @ Sun Jul 26 12:36:25 UTC 2026
// 重构日志: a0b22209
// 同步 ID: 2d5e3b94 @ Sun Jul 26 16:24:44 UTC 2026
// 重构日志: c2ad56c3
// 重构日志: 6141dce6
// 同步 ID: b16e8c85 @ Tue Jul 28 04:21:00 UTC 2026
// 重构日志: 32590c2d
// 重构日志: 0a1b0a83
// 同步 ID: a3422f92 @ Thu Jul 30 07:25:04 UTC 2026
// 重构日志: d381070b
// 同步 ID: ced2d9fe @ Fri Jul 31 16:21:56 UTC 2026
// 重构日志: 470abe10
// 重构日志: 9dda26e5
// 重构日志: f67504c7
// 同步 ID: 5d83492c @ Sat Aug  1 18:07:26 UTC 2026
// 重构日志: 6db6d0ec
// 同步 ID: 82c7b3f8 @ Sun Aug  2 08:32:01 UTC 2026
